// Jest Snapshot v1, https://goo.gl/fbAQLP

exports[`query for GetInboxTasksDocument 1`] = `
"parent
  ? {
      name: parent.name(),
      id: parent.id(),
      effectiveDueDate: parent.effectiveDueDate(),
      completed: parent.completed(),
      effectivelyCompleted: parent.effectivelyCompleted(),
      containingProject: parent.containingProject()
        ? {
            id: parent.containingProject().id(),
            name: parent.containingProject().name(),
          }
        : undefined,
      flagged: parent.flagged(),
    }
  : undefined;
"
`;

exports[`query for GetTasksDocument 1`] = `
"parent
  ? {
      name: parent.name(),
      id: parent.id(),
      effectiveDueDate: parent.effectiveDueDate(),
      completed: parent.completed(),
      effectivelyCompleted: parent.effectivelyCompleted(),
      containingProject: parent.containingProject()
        ? {
            id: parent.containingProject().id(),
            name: parent.containingProject().name(),
          }
        : undefined,
      flagged: parent.flagged(),
    }
  : undefined;
"
`;

exports[`query for GetTasksInProjectDocument 1`] = `
"parent
  ? {
      rootTask: parent.rootTask()
        ? {
            tasks: parent.rootTask().tasks()
              ? {
                  name: parent.rootTask().tasks().name(),
                  id: parent.rootTask().tasks().id(),
                  effectiveDueDate: parent
                    .rootTask()
                    .tasks()
                    .effectiveDueDate(),
                  completed: parent.rootTask().tasks().completed(),
                  effectivelyCompleted: parent
                    .rootTask()
                    .tasks()
                    .effectivelyCompleted(),
                  containingProject: parent
                    .rootTask()
                    .tasks()
                    .containingProject()
                    ? {
                        id: parent.rootTask().tasks().containingProject().id(),
                        name: parent
                          .rootTask()
                          .tasks()
                          .containingProject()
                          .name(),
                      }
                    : undefined,
                  flagged: parent.rootTask().tasks().flagged(),
                }
              : undefined,
          }
        : undefined,
    }
  : undefined;
"
`;
