// Jest Snapshot v1, https://goo.gl/fbAQLP

exports[`ConnectionInterface snapshot 1`] = `
"interface Connection {
  edges: [Edge!]!
  pageInfo: PageInfo!
  byId(id: ID!): Node
}"
`;

exports[`EdgeInterface snapshot 1`] = `
"interface Edge {
  node: Node!
  cursor: String!
}"
`;

exports[`NodeInterface snapshot 1`] = `
"interface Node {
  id: ID!
}"
`;
