// Jest Snapshot v1, https://goo.gl/fbAQLP

exports[`Resolve Connection Related Query 1`] = `
Object {
  "defaultDocument": Object {
    "projects": Object {
      "edges": Array [
        Object {
          "cursor": "project-id-undefined",
          "node": Object {
            "name": "project-name-undefined",
            "rootTask": Object {
              "id": "rootTask-for-project-id-undefined",
              "name": "rootTask-for-project-name-undefined",
            },
          },
        },
        Object {
          "cursor": "project-id-undefined",
          "node": Object {
            "name": "project-name-undefined",
            "rootTask": Object {
              "id": "rootTask-for-project-id-undefined",
              "name": "rootTask-for-project-name-undefined",
            },
          },
        },
        Object {
          "cursor": "project-id-undefined",
          "node": Object {
            "name": "project-name-undefined",
            "rootTask": Object {
              "id": "rootTask-for-project-id-undefined",
              "name": "rootTask-for-project-name-undefined",
            },
          },
        },
        Object {
          "cursor": "project-id-undefined",
          "node": Object {
            "name": "project-name-undefined",
            "rootTask": Object {
              "id": "rootTask-for-project-id-undefined",
              "name": "rootTask-for-project-name-undefined",
            },
          },
        },
        Object {
          "cursor": "project-id-undefined",
          "node": Object {
            "name": "project-name-undefined",
            "rootTask": Object {
              "id": "rootTask-for-project-id-undefined",
              "name": "rootTask-for-project-name-undefined",
            },
          },
        },
        Object {
          "cursor": "project-id-undefined",
          "node": Object {
            "name": "project-name-undefined",
            "rootTask": Object {
              "id": "rootTask-for-project-id-undefined",
              "name": "rootTask-for-project-name-undefined",
            },
          },
        },
        Object {
          "cursor": "project-id-undefined",
          "node": Object {
            "name": "project-name-undefined",
            "rootTask": Object {
              "id": "rootTask-for-project-id-undefined",
              "name": "rootTask-for-project-name-undefined",
            },
          },
        },
        Object {
          "cursor": "project-id-undefined",
          "node": Object {
            "name": "project-name-undefined",
            "rootTask": Object {
              "id": "rootTask-for-project-id-undefined",
              "name": "rootTask-for-project-name-undefined",
            },
          },
        },
        Object {
          "cursor": "project-id-undefined",
          "node": Object {
            "name": "project-name-undefined",
            "rootTask": Object {
              "id": "rootTask-for-project-id-undefined",
              "name": "rootTask-for-project-name-undefined",
            },
          },
        },
        Object {
          "cursor": "project-id-undefined",
          "node": Object {
            "name": "project-name-undefined",
            "rootTask": Object {
              "id": "rootTask-for-project-id-undefined",
              "name": "rootTask-for-project-name-undefined",
            },
          },
        },
      ],
      "pageInfo": Object {
        "hasNextPage": false,
      },
    },
  },
}
`;

exports[`run for GetTasksInProjectDocument 1`] = `
Object {
  "defaultDocument": Object {
    "projects": Object {
      "byId": null,
    },
  },
}
`;
